YYB_SERVER = http://3.112.226.233:8000@1
脚本数量   = 168
间隔       = 4s

[  1/168] BREO.py                      -> 失败   7.1s
[  2/168] aiguo.js                     -> 成功   1.0s
[  3/168] aiguoyue.js                  -> 成功   1.4s
[  4/168] aima.js                      -> 失败   2.4s
[  5/168] ajier.js                     -> 成功   1.5s
[  6/168] ardywj.js                    -> 成功   3.9s
[  7/168] babycare.js                  -> 失败   4.2s
[  8/168] baimazhixuan.js              -> 成功   1.0s
[  9/168] bjhqbwz.py                   -> 成功   3.5s
[ 10/168] bluedash.js                  -> 成功   1.0s
[ 11/168] bmsb.js                      -> 失败   3.8s
[ 12/168] bqs.js                       -> 异常退出 0.0s
[ 13/168] bydhy.js                     -> 异常退出 0.0s
[ 14/168] camel.js                     -> 异常退出 0.0s
[ 15/168] campari.js                   -> 异常退出 0.0s
[ 16/168] casetify.js                  -> 异常退出 0.1s
[ 17/168] choubao.js                   -> 异常退出 0.1s
[ 18/168] colorful.js                  -> 异常退出 0.0s
[ 19/168] dasenlin.js                  -> 异常退出 0.0s
[ 20/168] ddyx.js                      -> 异常退出 0.0s
[ 21/168] dfmfs.js                     -> 异常退出 0.0s
[ 22/168] dfrc.js                      -> 异常退出 0.0s
[ 23/168] dsmmhy.js                    -> 异常退出 0.1s
[ 24/168] dstx.js                      -> 异常退出 0.0s
[ 25/168] dtsh.js                      -> 异常退出 0.0s
[ 26/168] dw.js                        -> 异常退出 0.0s
[ 27/168] fafa.js                      -> 异常退出 0.0s
[ 28/168] feihe.js                     -> 异常退出 0.0s
[ 29/168] fej.js                       -> 异常退出 0.1s
[ 30/168] fhxmh.js                     -> 异常退出 0.0s
[ 31/168] fmy.js                       -> 异常退出 0.0s
[ 32/168] fsdlb.js                     -> 异常退出 0.0s
[ 33/168] fuyouhui.js                  -> 异常退出 0.1s
[ 34/168] fxh.js                       -> 异常退出 0.0s
[ 35/168] fyzq.js                      -> 异常退出 0.0s
[ 36/168] gac.js                       -> 异常退出 0.0s
[ 37/168] gujiajiaju.js                -> 异常退出 0.0s
[ 38/168] guyu.js                      -> 异常退出 0.1s
[ 39/168] gyjj.js                      -> 异常退出 0.2s
[ 40/168] haier.js                     -> 异常退出 0.1s
[ 41/168] haitian.js                   -> 异常退出 0.0s
[ 42/168] hisense_aijia.js             -> 异常退出 0.0s
[ 43/168] hlyili.js                    -> 异常退出 0.0s
[ 44/168] hlzj.js                      -> 异常退出 0.0s
[ 45/168] hongsehuojian.py             -> 异常退出 0.3s
[ 46/168] hougongfang.js               -> 异常退出 0.1s
[ 47/168] hrj.js                       -> 异常退出 0.0s
[ 48/168] huazhu.js                    -> 异常退出 0.1s
[ 49/168] hxek.js                      -> 异常退出 0.1s
[ 50/168] iqoo.js                      -> 异常退出 0.1s
[ 51/168] iyouke.js                    -> 异常退出 0.0s
[ 52/168] jdbclub.js                   -> 异常退出 0.1s
[ 53/168] jdcode.js                    -> 异常退出 0.0s
[ 54/168] jdyj.js                      -> 异常退出 0.0s
[ 55/168] jingjianx_all.js             -> 异常退出 0.0s
[ 56/168] jingyoujia.js                -> 异常退出 0.0s
[ 57/168] jlc.js                       -> 异常退出 0.0s
[ 58/168] jsb.js                       -> 异常退出 0.0s
[ 59/168] jtc.js                       -> 异常退出 0.1s
[ 60/168] junpinhui.js                 -> 异常退出 0.1s
[ 61/168] juziyingtao.js               -> 异常退出 0.0s
[ 62/168] jx.js                        -> 异常退出 0.0s
[ 63/168] jyk.js                       -> 异常退出 0.0s
[ 64/168] jyxe.js                      -> 异常退出 0.1s
[ 65/168] kangshifu.js                 -> 异常退出 0.0s
[ 66/168] kekoukele.js                 -> 异常退出 0.0s
[ 67/168] kuaijihe.js                  -> 异常退出 0.1s
[ 68/168] laobanfw.js                  -> 异常退出 0.1s
[ 69/168] ldxq.js                      -> 异常退出 0.0s
[ 70/168] lieer.js                     -> 异常退出 0.0s
[ 71/168] liquanpijiu.py               -> 异常退出 0.2s
[ 72/168] lmf.js                       -> 异常退出 0.1s
[ 73/168] longfor.js                   -> 异常退出 0.0s
[ 74/168] lthwy.js                     -> 异常退出 0.1s
[ 75/168] lvbizi.js                    -> 异常退出 0.0s
[ 76/168] maopu.js                     -> 异常退出 0.1s
[ 77/168] mcyp.js                      -> 异常退出 0.1s
[ 78/168] mdhy.js                      -> 异常退出 0.1s
[ 79/168] mdxtn.js                     -> 异常退出 0.1s
[ 80/168] mengxiangjia.js              -> 异常退出 0.1s
[ 81/168] mfd.js                       -> 异常退出 0.1s
[ 82/168] mifengjingxishe.js           -> 异常退出 0.0s
[ 83/168] mimengshenghuo.js            -> 异常退出 0.1s
[ 84/168] miqilin.js                   -> 异常退出 0.0s
[ 85/168] mobil.js                     -> 异常退出 0.1s
[ 86/168] mscxh.js                     -> 异常退出 0.1s
[ 87/168] mtyl.js                      -> 异常退出 0.1s
[ 88/168] musi.js                      -> 异常退出 0.1s
[ 89/168] mxbc.js                      -> 异常退出 0.1s
[ 90/168] nestle.js                    -> 异常退出 0.0s
[ 91/168] nice.js                      -> 异常退出 0.1s
[ 92/168] nissin.js                    -> 异常退出 0.1s
[ 93/168] niuyougu.js                  -> 异常退出 0.0s
[ 94/168] nndj.js                      -> 异常退出 0.0s
[ 95/168] nwdjg.js                     -> 异常退出 0.0s
[ 96/168] nxdc.js                      -> 异常退出 0.1s
[ 97/168] olecs.js                     -> 异常退出 0.0s
[ 98/168] oppo.js                      -> 异常退出 0.0s
[ 99/168] parkson.js                   -> 异常退出 0.0s
[100/168] pddgy.js                     -> 异常退出 0.0s
[101/168] qianjinjiankang.js           -> 异常退出 0.1s
[102/168] qmai.js                      -> 异常退出 0.0s
[103/168] qmsd.js                      -> 异常退出 0.0s
[104/168] qqhyjlb.js                   -> 异常退出 0.1s
[105/168] qqpcmgr.js                   -> 异常退出 0.0s
[106/168] quanmianshidai.py            -> 异常退出 0.2s
[107/168] quncrm.js                    -> 异常退出 0.0s
[108/168] qutaoka.js                   -> 异常退出 0.0s
[109/168] quwa_jxyx.js                 -> 异常退出 0.1s
[110/168] qyqd.js                      -> 异常退出 0.1s
[111/168] rio.js                       -> 异常退出 0.1s
[112/168] roki.js                      -> 异常退出 0.1s
[113/168] rrk.js                       -> 异常退出 0.1s
[114/168] rytyn.js                     -> 异常退出 0.1s
[115/168] sanf.js                      -> 异常退出 0.1s
[116/168] sf.js                        -> 异常退出 0.0s
[117/168] shanyi.js                    -> 异常退出 0.0s
[118/168] shefuyishou.js               -> 异常退出 0.0s
[119/168] shengongshe.js               -> 异常退出 0.0s
[120/168] sinsin.js                    -> 异常退出 0.0s
[121/168] skyworth.js                  -> 异常退出 0.0s
[122/168] smgc.js                      -> 异常退出 0.0s
[123/168] stokke.js                    -> 异常退出 0.0s
[124/168] szgc.js                      -> 异常退出 0.0s
[125/168] tclx_lc.js                   -> 异常退出 0.0s
[126/168] thyc.js                      -> 异常退出 0.0s
[127/168] tjg.js                       -> 异常退出 0.0s
[128/168] tmj.js                       -> 异常退出 0.0s
[129/168] tnjy.js                      -> 异常退出 0.0s
[130/168] trsj.js                      -> 异常退出 0.0s
[131/168] tslj.js                      -> 异常退出 0.1s
[132/168] txdt.js                      -> 异常退出 0.1s
[133/168] txq.js                       -> 异常退出 0.1s
[134/168] wanjiale.js                  -> 异常退出 0.1s
[135/168] wanyazhenxuan.js             -> 异常退出 0.1s
[136/168] wb.js                        -> 异常退出 0.1s
[137/168] wph.js                       -> 异常退出 0.1s
[138/168] wps.js                       -> 异常退出 0.0s
[139/168] wrn.js                       -> 异常退出 0.1s
[140/168] wugenvboshi.js               -> 异常退出 0.0s
[141/168] wuyingyundiannao.py          -> 异常退出 0.3s
[142/168] wx_midea.js                  -> 异常退出 0.1s
[143/168] wx_xlxyh.js                  -> 异常退出 0.1s
[144/168] wxzf.js                      -> 异常退出 0.1s
[145/168] wzy.js                       -> 异常退出 0.0s
[146/168] xchy.js                      -> 异常退出 0.0s
[147/168] xiaodangjia.js               -> 异常退出 0.1s
[148/168] xinxianghui.py               -> 异常退出 0.2s
[149/168] xmsq.js                      -> 异常退出 0.0s
[150/168] xzyy.js                      -> 异常退出 0.0s
[151/168] ydyc.js                      -> 异常退出 0.0s
[152/168] yichengtong.js               -> 异常退出 0.0s
[153/168] yingshujufeng.js             -> 异常退出 0.0s
[154/168] yipiaoda.js                  -> 异常退出 0.1s
[155/168] yjlxh.js                     -> 异常退出 0.1s
[156/168] ykb_all.js                   -> 异常退出 0.0s
[157/168] youzan.js                    -> 异常退出 0.0s
[158/168] ytb2_all.js                  -> 异常退出 0.0s
[159/168] yuexihui.js                  -> 异常退出 0.1s
[160/168] yunduodingding.js            -> 异常退出 0.0s
[161/168] yz19.js                      -> 异常退出 0.0s
[162/168] yz9d.js                      -> 异常退出 0.0s
[163/168] yzyj.js                      -> 异常退出 0.0s
[164/168] zbs.js                       -> 异常退出 0.0s
[165/168] zhanma.js                    -> 异常退出 0.0s
[166/168] zippo.js                     -> 异常退出 0.0s
[167/168] ztkd.js                      -> 异常退出 0.0s
[168/168] 提现免费券.py                     -> 异常退出 0.2s

============================================================
成功: 7
失败: 4
限流: 0
异常: 157
============================================================
